 Total Nb of available Diagnostics: ndiagt=   197
------------------------------------------------------------------------------------
  Num  |<-Name->|Levs|  mate |<- code ->|<--  Units   -->|<- Tile (max=80c)         
------------------------------------------------------------------------------------
     1 |SDIAG1  |  1 |       |SM      L1|user-defined    |User-Defined   Surface   Diagnostic  #1
     2 |SDIAG2  |  1 |       |SM      L1|user-defined    |User-Defined   Surface   Diagnostic  #2
     3 |SDIAG3  |  1 |       |SM      L1|user-defined    |User-Defined   Surface   Diagnostic  #3
     4 |SDIAG4  |  1 |       |SM      L1|user-defined    |User-Defined   Surface   Diagnostic  #4
     5 |SDIAG5  |  1 |       |SM      L1|user-defined    |User-Defined   Surface   Diagnostic  #5
     6 |SDIAG6  |  1 |       |SM      L1|user-defined    |User-Defined   Surface   Diagnostic  #6
     7 |SDIAG7  |  1 |       |SU      L1|user-defined    |User-Defined U.pt Surface Diagnostic #7
     8 |SDIAG8  |  1 |       |SV      L1|user-defined    |User-Defined V.pt Surface Diagnostic #8
     9 |SDIAG9  |  1 |    10 |UU      L1|user-defined    |User-Defined U.vector Surface Diag.  #9
    10 |SDIAG10 |  1 |     9 |VV      L1|user-defined    |User-Defined V.vector Surface Diag. #10
    11 |UDIAG1  | 25 |       |SM      MR|user-defined    |User-Defined Model-Level Diagnostic  #1
    12 |UDIAG2  | 25 |       |SM      MR|user-defined    |User-Defined Model-Level Diagnostic  #2
    13 |UDIAG3  | 25 |       |SMR     MR|user-defined    |User-Defined Model-Level Diagnostic  #3
    14 |UDIAG4  | 25 |       |SMR     MR|user-defined    |User-Defined Model-Level Diagnostic  #4
    15 |UDIAG5  | 25 |       |SU      MR|user-defined    |User-Defined U.pt Model-Level Diag.  #5
    16 |UDIAG6  | 25 |       |SV      MR|user-defined    |User-Defined V.pt Model-Level Diag.  #6
    17 |UDIAG7  | 25 |    18 |UUR     MR|user-defined    |User-Defined U.vector Model-Lev Diag.#7
    18 |UDIAG8  | 25 |    17 |VVR     MR|user-defined    |User-Defined V.vector Model-Lev Diag.#8
    19 |UDIAG9  | 25 |       |SM      ML|user-defined    |User-Defined Phys-Level  Diagnostic  #9
    20 |UDIAG10 | 25 |       |SM      ML|user-defined    |User-Defined Phys-Level  Diagnostic #10
    21 |SDIAGC  |  1 |    22 |SM  C   L1|user-defined    |User-Defined Counted Surface Diagnostic
    22 |SDIAGCC |  1 |       |SM      L1|count           |User-Defined Surface Diagnostic Counter
    23 |ETAN    |  1 |       |SM      M1|m               |Surface Height Anomaly
    24 |ETANSQ  |  1 |       |SM P    M1|m^2             |Square of Surface Height Anomaly
    25 |DETADT2 |  1 |       |SM      M1|m^2/s^2         |Square of Surface Height Anomaly Tendency
    26 |THETA   | 25 |       |SMR     MR|degC            |Potential Temperature
    27 |SALT    | 25 |       |SMR     MR|g/kg            |Salinity
    28 |RELHUM  | 25 |       |SMR     MR|percent         |Relative Humidity
    29 |SALTanom| 25 |       |SMR     MR|g/kg            |Salt anomaly (=SALT-35; g/kg)
    30 |UVEL    | 25 |    31 |UUR     MR|m/s             |Zonal Component of Velocity (m/s)
    31 |VVEL    | 25 |    30 |VVR     MR|m/s             |Meridional Component of Velocity (m/s)
    32 |WVEL    | 25 |       |WM      LR|m/s             |Vertical Component of Velocity (r_units/s)
    33 |THETASQ | 25 |       |SMRP    MR|degC^2          |Square of Potential Temperature
    34 |SALTSQ  | 25 |       |SMRP    MR|(g/kg)^2        |Square of Salinity
    35 |SALTSQan| 25 |       |SMRP    MR|(g/kg)^2        |Square of Salt anomaly (=(SALT-35)^2 (g^2/kg^2)
    36 |UVELSQ  | 25 |    37 |UURP    MR|m^2/s^2         |Square of Zonal Comp of Velocity (m^2/s^2)
    37 |VVELSQ  | 25 |    36 |VVRP    MR|m^2/s^2         |Square of Meridional Comp of Velocity (m^2/s^2)
    38 |WVELSQ  | 25 |       |WM P    LR|m^2/s^2         |Square of Vertical Comp of Velocity
    39 |VSHEARSQ| 25 |       |SM P    LR|1/s^2           |Square of Vertical Shear (horiz. velocity vertical gradient)
    40 |UE_VEL_C| 25 |    41 |UMR     MR|m/s             |Eastward Velocity (m/s) (cell center)
    41 |VN_VEL_C| 25 |    40 |VMR     MR|m/s             |Northward Velocity (m/s) (cell center)
    42 |UV_VEL_C| 25 |    42 |UMR     MR|m^2/s^2         |Product of horizontal Comp of velocity (cell center)
    43 |UV_VEL_Z| 25 |    43 |UZR     MR|m^2/s^2         |Meridional Transport of Zonal Momentum (m^2/s^2)
    44 |WU_VEL  | 25 |       |WU      LR|m.m/s^2         |Vertical Transport of Zonal Momentum
    45 |WV_VEL  | 25 |       |WV      LR|m.m/s^2         |Vertical Transport of Meridional Momentum
    46 |UVELMASS| 25 |    47 |UUr     MR|m/s             |Zonal Mass-Weighted Comp of Velocity (m/s)
    47 |VVELMASS| 25 |    46 |VVr     MR|m/s             |Meridional Mass-Weighted Comp of Velocity (m/s)
    48 |WVELMASS| 25 |       |WM      LR|m/s             |Vertical Mass-Weighted Comp of Velocity
    49 |PhiVEL  | 25 |    46 |SMR P   MR|m^2/s           |Horizontal Velocity Potential (m^2/s)
    50 |PsiVEL  | 25 |    49 |SZ  P   MR|m.m^2/s         |Horizontal Velocity Stream-Function
    51 |UTHMASS | 25 |    52 |UUr     MR|degC.m/s        |Zonal Mass-Weight Transp of Pot Temp
    52 |VTHMASS | 25 |    51 |VVr     MR|degC.m/s        |Meridional Mass-Weight Transp of Pot Temp
    53 |WTHMASS | 25 |       |WM      LR|degC.m/s        |Vertical Mass-Weight Transp of Pot Temp
    54 |USLTMASS| 25 |    55 |UUr     MR|g/kg.m/s        |Zonal Mass-Weight Transp of Salinity
    55 |VSLTMASS| 25 |    54 |VVr     MR|g/kg.m/s        |Meridional Mass-Weight Transp of Salinity
    56 |WSLTMASS| 25 |       |WM      LR|g/kg.m/s        |Vertical Mass-Weight Transp of Salinity
    57 |UVELTH  | 25 |    58 |UUR     MR|degC.m/s        |Zonal Transport of Pot Temp
    58 |VVELTH  | 25 |    57 |VVR     MR|degC.m/s        |Meridional Transport of Pot Temp
    59 |WVELTH  | 25 |       |WM      LR|degC.m/s        |Vertical Transport of Pot Temp
    60 |UVELSLT | 25 |    61 |UUR     MR|g/kg.m/s        |Zonal Transport of Salinity
    61 |VVELSLT | 25 |    60 |VVR     MR|g/kg.m/s        |Meridional Transport of Salinity
    62 |WVELSLT | 25 |       |WM      LR|g/kg.m/s        |Vertical Transport of Salinity
    63 |UVELPHI | 25 |    64 |UUr     MR|m^3/s^3         |Zonal Mass-Weight Transp of Pressure Pot.(p/rho) Anomaly
    64 |VVELPHI | 25 |    63 |VVr     MR|m^3/s^3         |Merid. Mass-Weight Transp of Pressure Pot.(p/rho) Anomaly
    65 |RHOAnoma| 25 |       |SMR     MR|kg/m^3          |Density Anomaly (=Rho-rhoConst)
    66 |RHOANOSQ| 25 |       |SMRP    MR|kg^2/m^6        |Square of Density Anomaly (=(Rho-rhoConst)^2)
    67 |URHOMASS| 25 |    68 |UUr     MR|kg/m^2/s        |Zonal Transport of Density
    68 |VRHOMASS| 25 |    67 |VVr     MR|kg/m^2/s        |Meridional Transport of Density
    69 |WRHOMASS| 25 |       |WM      LR|kg/m^2/s        |Vertical Transport of Density
    70 |WdRHO_P | 25 |       |WM      LR|kg/m^2/s        |Vertical velocity times delta^k(Rho)_at-const-P
    71 |WdRHOdP | 25 |       |WM      LR|kg/m^2/s        |Vertical velocity times delta^k(Rho)_at-const-T,S
    72 |PHIHYD  | 25 |       |SMR     MR|m^2/s^2         |Hydrostatic Pressure Pot.(p/rho) Anomaly
    73 |PHIHYDSQ| 25 |       |SMRP    MR|m^4/s^4         |Square of Hyd. Pressure Pot.(p/rho) Anomaly
    74 |PHIBOT  |  1 |       |SM      M1|m^2/s^2         |Bottom Pressure Pot.(p/rho) Anomaly
    75 |PHIBOTSQ|  1 |       |SM P    M1|m^4/s^4         |Square of Bottom Pressure Pot.(p/rho) Anomaly
    76 |PHI_SURF|  1 |       |SM      M1|m^2/s^2         |Surface Dynamical Pressure Pot.(p/rho)
    77 |MXLDEPTH|  1 |       |SM      M1|m               |Mixed-Layer Depth (>0)
    78 |DRHODR  | 25 |       |SM      LR|kg/m^4          |Stratification: d.Sigma/dr (kg/m3/r_unit)
    79 |CONVADJ | 25 |       |SMR     LR|fraction        |Convective Adjustment Index [0-1]
    80 |GCM_SST |  1 |       |SM      M1|degC            |Ocean model Sea Surface Temperature (degC)
    81 |oceTAUX |  1 |    82 |UU      U1|N/m^2           |zonal surface wind stress (+=down), >0 increases uVel
    82 |oceTAUY |  1 |    81 |VV      U1|N/m^2           |meridional surf. wind stress (+=down), >0 increases vVel
    83 |atmPload|  1 |       |SM      U1|Pa              |Atmospheric pressure loading anomaly (vs surf_pRef)
    84 |sIceLoad|  1 |       |SM      U1|kg/m^2          |sea-ice loading (in Mass of ice+snow / area unit)
    85 |oceFWflx|  1 |       |SM      U1|kg/m^2/s        |net surface Fresh-Water flux into the ocean (+=down), >0 decreases salinity
    86 |oceSflux|  1 |       |SM      U1|g/m^2/s         |net surface Salt flux into the ocean (+=down), >0 increases salinity
    87 |oceQnet |  1 |       |SM      U1|W/m^2           |net surface heat flux into the ocean (+=down), >0 increases theta
    88 |oceQsw  |  1 |       |SM      U1|W/m^2           |net Short-Wave radiation (+=down), >0 increases theta
    89 |oceFreez|  1 |       |SM      U1|W/m^2           |implied heating from increasing theta up to freezing point (allowFreezing=T)
    90 |TRELAX  |  1 |       |SM      U1|W/m^2           |surface temperature relaxation, >0 increases theta
    91 |SRELAX  |  1 |       |SM      U1|g/m^2/s         |surface salinity relaxation, >0 increases salt
    92 |surForcT|  1 |       |SM      U1|W/m^2           |model surface forcing for Temperature, >0 increases theta
    93 |surForcS|  1 |       |SM      U1|g/m^2/s         |model surface forcing for Salinity, >0 increases salinity
    94 |TFLUX   |  1 |       |SM      U1|W/m^2           |total heat flux (matches heat-content variations, +=down), >0 increases theta
    95 |SFLUX   |  1 |       |SM      U1|g/m^2/s         |total salt flux (matches salt-content variations, +=down), >0 increases salt
    96 |RCENTER | 25 |       |SM      MR|m               |Cell-Center Height
    97 |RSURF   |  1 |       |SM      M1|m               |Surface Height
    98 |TOTUTEND| 25 |    99 |UUR     MR|m/s/day         |Tendency of Zonal Component of Velocity
    99 |TOTVTEND| 25 |    98 |VVR     MR|m/s/day         |Tendency of Meridional Component of Velocity
------------------------------------------------------------------------------------
  Num  |<-Name->|Levs|  mate |<- code ->|<--  Units   -->|<- Tile (max=80c)         
------------------------------------------------------------------------------------
   100 |TOTTTEND| 25 |       |SMR     MR|degC/day        |Tendency of Potential Temperature
   101 |TOTSTEND| 25 |       |SMR     MR|g/kg/day        |Tendency of Salinity
   102 |MoistCor| 25 |       |SM      MR|W/m^2           |Heating correction due to moist thermodynamics
   103 |gT_Forc | 25 |       |SMR     MR|degC/s          |Potential Temp. forcing tendency
   104 |gS_Forc | 25 |       |SMR     MR|g/kg/s          |Salinity forcing tendency
   105 |AB_gT   | 25 |       |SMR     MR|degC/s          |Potential Temp. tendency from Adams-Bashforth
   106 |AB_gS   | 25 |       |SMR     MR|g/kg/s          |Salinity tendency from Adams-Bashforth
   107 |gTinAB  | 25 |       |SMR     MR|degC/s          |Potential Temp. tendency going in Adams-Bashforth
   108 |gSinAB  | 25 |       |SMR     MR|g/kg/s          |Salinity tendency going in Adams-Bashforth
   109 |AB_gU   | 25 |   110 |UUR     MR|m/s^2           |U momentum tendency from Adams-Bashforth
   110 |AB_gV   | 25 |   109 |VVR     MR|m/s^2           |V momentum tendency from Adams-Bashforth
   111 |ADVr_TH | 25 |       |WM      LR|degC.m^3/s      |Vertical   Advective Flux of Pot.Temperature
   112 |ADVx_TH | 25 |   113 |UU      MR|degC.m^3/s      |Zonal      Advective Flux of Pot.Temperature
   113 |ADVy_TH | 25 |   112 |VV      MR|degC.m^3/s      |Meridional Advective Flux of Pot.Temperature
   114 |DFrE_TH | 25 |       |WM      LR|degC.m^3/s      |Vertical Diffusive Flux of Pot.Temperature (Explicit part)
   115 |DFxE_TH | 25 |   116 |UU      MR|degC.m^3/s      |Zonal      Diffusive Flux of Pot.Temperature
   116 |DFyE_TH | 25 |   115 |VV      MR|degC.m^3/s      |Meridional Diffusive Flux of Pot.Temperature
   117 |DFrI_TH | 25 |       |WM      LR|degC.m^3/s      |Vertical Diffusive Flux of Pot.Temperature (Implicit part)
   118 |ADVr_SLT| 25 |       |WM      LR|g/kg.m^3/s      |Vertical   Advective Flux of Salinity
   119 |ADVx_SLT| 25 |   120 |UU      MR|g/kg.m^3/s      |Zonal      Advective Flux of Salinity
   120 |ADVy_SLT| 25 |   119 |VV      MR|g/kg.m^3/s      |Meridional Advective Flux of Salinity
   121 |DFrE_SLT| 25 |       |WM      LR|g/kg.m^3/s      |Vertical Diffusive Flux of Salinity    (Explicit part)
   122 |DFxE_SLT| 25 |   123 |UU      MR|g/kg.m^3/s      |Zonal      Diffusive Flux of Salinity
   123 |DFyE_SLT| 25 |   122 |VV      MR|g/kg.m^3/s      |Meridional Diffusive Flux of Salinity
   124 |DFrI_SLT| 25 |       |WM      LR|g/kg.m^3/s      |Vertical Diffusive Flux of Salinity    (Implicit part)
   125 |SALTFILL| 25 |       |SM      MR|g/kg.m^3/s      |Filling of Negative Values of Salinity
   126 |VISCAHZ | 25 |       |SZ      MR|m^2/s           |Harmonic Visc Coefficient (m2/s) (Zeta Pt)
   127 |VISCA4Z | 25 |       |SZ      MR|m^4/s           |Biharmonic Visc Coefficient (m4/s) (Zeta Pt)
   128 |VISCAHD | 25 |       |SM      MR|m^2/s           |Harmonic Viscosity Coefficient (m2/s) (Div Pt)
   129 |VISCA4D | 25 |       |SM      MR|m^4/s           |Biharmonic Viscosity Coefficient (m4/s) (Div Pt)
   130 |VISCAHW | 25 |       |WM      LR|m^2/s           |Harmonic Viscosity Coefficient (m2/s) (W Pt)
   131 |VISCA4W | 25 |       |WM      LR|m^4/s           |Biharmonic Viscosity Coefficient (m4/s) (W Pt)
   132 |VAHZMAX | 25 |       |SZ      MR|m^2/s           |CFL-MAX Harm Visc Coefficient (m2/s) (Zeta Pt)
   133 |VA4ZMAX | 25 |       |SZ      MR|m^4/s           |CFL-MAX Biharm Visc Coefficient (m4/s) (Zeta Pt)
   134 |VAHDMAX | 25 |       |SM      MR|m^2/s           |CFL-MAX Harm Visc Coefficient (m2/s) (Div Pt)
   135 |VA4DMAX | 25 |       |SM      MR|m^4/s           |CFL-MAX Biharm Visc Coefficient (m4/s) (Div Pt)
   136 |VAHZMIN | 25 |       |SZ      MR|m^2/s           |RE-MIN Harm Visc Coefficient (m2/s) (Zeta Pt)
   137 |VA4ZMIN | 25 |       |SZ      MR|m^4/s           |RE-MIN Biharm Visc Coefficient (m4/s) (Zeta Pt)
   138 |VAHDMIN | 25 |       |SM      MR|m^2/s           |RE-MIN Harm Visc Coefficient (m2/s) (Div Pt)
   139 |VA4DMIN | 25 |       |SM      MR|m^4/s           |RE-MIN Biharm Visc Coefficient (m4/s) (Div Pt)
   140 |VAHZLTH | 25 |       |SZ      MR|m^2/s           |Leith Harm Visc Coefficient (m2/s) (Zeta Pt)
   141 |VA4ZLTH | 25 |       |SZ      MR|m^4/s           |Leith Biharm Visc Coefficient (m4/s) (Zeta Pt)
   142 |VAHDLTH | 25 |       |SM      MR|m^2/s           |Leith Harm Visc Coefficient (m2/s) (Div Pt)
   143 |VA4DLTH | 25 |       |SM      MR|m^4/s           |Leith Biharm Visc Coefficient (m4/s) (Div Pt)
   144 |VAHZLTHD| 25 |       |SZ      MR|m^2/s           |LeithD Harm Visc Coefficient (m2/s) (Zeta Pt)
   145 |VA4ZLTHD| 25 |       |SZ      MR|m^4/s           |LeithD Biharm Visc Coefficient (m4/s) (Zeta Pt)
   146 |VAHDLTHD| 25 |       |SM      MR|m^2/s           |LeithD Harm Visc Coefficient (m2/s) (Div Pt)
   147 |VA4DLTHD| 25 |       |SM      MR|m^4/s           |LeithD Biharm Visc Coefficient (m4/s) (Div Pt)
   148 |VAHZSMAG| 25 |       |SZ      MR|m^2/s           |Smagorinsky Harm Visc Coefficient (m2/s) (Zeta Pt)
   149 |VA4ZSMAG| 25 |       |SZ      MR|m^4/s           |Smagorinsky Biharm Visc Coeff. (m4/s) (Zeta Pt)
   150 |VAHDSMAG| 25 |       |SM      MR|m^2/s           |Smagorinsky Harm Visc Coefficient (m2/s) (Div Pt)
   151 |VA4DSMAG| 25 |       |SM      MR|m^4/s           |Smagorinsky Biharm Visc Coeff. (m4/s) (Div Pt)
   152 |momKE   | 25 |       |SMR     MR|m^2/s^2         |Kinetic Energy (in momentum Eq.)
   153 |momHDiv | 25 |       |SMR     MR|1/s             |Horizontal Divergence (in momentum Eq.)
   154 |momVort3| 25 |       |SZR     MR|1/s             |3rd component (vertical) of Vorticity
   155 |Strain  | 25 |       |SZR     MR|1/s             |Horizontal Strain of Horizontal Velocities
   156 |Tension | 25 |       |SMR     MR|1/s             |Horizontal Tension of Horizontal Velocities
   157 |Stretch | 25 |       |SM      MR|1/s             |Vortex stretching from QG Leith dynamic viscosity
   158 |USidDrag| 25 |   159 |UUR     MR|m/s^2           |U momentum tendency from Side Drag
   159 |VSidDrag| 25 |   158 |VVR     MR|m/s^2           |V momentum tendency from Side Drag
   160 |Um_Diss | 25 |   161 |UUR     MR|m/s^2           |U momentum tendency from Dissipation (Explicit part)
   161 |Vm_Diss | 25 |   160 |VVR     MR|m/s^2           |V momentum tendency from Dissipation (Explicit part)
   162 |Um_ImplD| 25 |   163 |UUR     MR|m/s^2           |U momentum tendency from Dissipation (Implicit part)
   163 |Vm_ImplD| 25 |   162 |VVR     MR|m/s^2           |V momentum tendency from Dissipation (Implicit part)
   164 |Um_Advec| 25 |   165 |UUR     MR|m/s^2           |U momentum tendency from Advection terms
   165 |Vm_Advec| 25 |   164 |VVR     MR|m/s^2           |V momentum tendency from Advection terms
   166 |Um_Cori | 25 |   167 |UUR     MR|m/s^2           |U momentum tendency from Coriolis term
   167 |Vm_Cori | 25 |   166 |VVR     MR|m/s^2           |V momentum tendency from Coriolis term
   168 |Um_dPhiX| 25 |   169 |UUR     MR|m/s^2           |U momentum tendency from Pressure/Potential grad
   169 |Vm_dPhiY| 25 |   168 |VVR     MR|m/s^2           |V momentum tendency from Pressure/Potential grad
   170 |Um_Ext  | 25 |   171 |UUR     MR|m/s^2           |U momentum tendency from external forcing
   171 |Vm_Ext  | 25 |   170 |VVR     MR|m/s^2           |V momentum tendency from external forcing
   172 |Um_hDis2| 25 |   173 |UUR     MR|m/s^2           |U momentum tendency from harmonic visc alone
   173 |Vm_hDis2| 25 |   172 |VVR     MR|m/s^2           |V momentum tendency from harmonic visc alone
   174 |Um_hDis4| 25 |   175 |UUR     MR|m/s^2           |U momentum tendency from biharmonic visc alone
   175 |Vm_hDis4| 25 |   174 |VVR     MR|m/s^2           |V momentum tendency from biharmonic visc alone
   176 |Um_AdvZ3| 25 |   177 |UUR     MR|m/s^2           |U momentum tendency from Vorticity Advection
   177 |Vm_AdvZ3| 25 |   176 |VVR     MR|m/s^2           |V momentum tendency from Vorticity Advection
   178 |Um_AdvRe| 25 |   179 |UUR     MR|m/s^2           |U momentum tendency from vertical Advection (Explicit part)
   179 |Vm_AdvRe| 25 |   178 |VVR     MR|m/s^2           |V momentum tendency from vertical Advection (Explicit part)
   180 |Um_Metr | 25 |   181 |UUR     MR|m/s^2           |U momentum tendency from Metric terms
   181 |Vm_Metr | 25 |   180 |VVR     MR|m/s^2           |V momentum tendency from Metric terms
   182 |botTauX |  1 |   183 |UU      U1|N/m^2           |zonal bottom stress, >0 increases uVel
   183 |botTauY |  1 |   182 |VV      U1|N/m^2           |meridional bottom stress, >0 increases vVel
   184 |ADVx_Um | 25 |   185 |UM      MR|m^4/s^2         |Zonal      Advective Flux of U momentum
   185 |ADVy_Um | 25 |   184 |VZ      MR|m^4/s^2         |Meridional Advective Flux of U momentum
   186 |ADVrE_Um| 25 |       |WU      LR|m^4/s^2         |Vertical   Advective Flux of U momentum (Explicit part)
   187 |ADVx_Vm | 25 |   188 |UZ      MR|m^4/s^2         |Zonal      Advective Flux of V momentum
   188 |ADVy_Vm | 25 |   187 |VM      MR|m^4/s^2         |Meridional Advective Flux of V momentum
   189 |ADVrE_Vm| 25 |       |WV      LR|m^4/s^2         |Vertical   Advective Flux of V momentum (Explicit part)
   190 |VISCx_Um| 25 |   191 |UM      MR|m^4/s^2         |Zonal      Viscous Flux of U momentum
   191 |VISCy_Um| 25 |   190 |VZ      MR|m^4/s^2         |Meridional Viscous Flux of U momentum
   192 |VISrE_Um| 25 |       |WU      LR|m^4/s^2         |Vertical   Viscous Flux of U momentum (Explicit part)
   193 |VISrI_Um| 25 |       |WU      LR|m^4/s^2         |Vertical   Viscous Flux of U momentum (Implicit part)
   194 |VISCx_Vm| 25 |   195 |UZ      MR|m^4/s^2         |Zonal      Viscous Flux of V momentum
   195 |VISCy_Vm| 25 |   194 |VM      MR|m^4/s^2         |Meridional Viscous Flux of V momentum
   196 |VISrE_Vm| 25 |       |WV      LR|m^4/s^2         |Vertical   Viscous Flux of V momentum (Explicit part)
   197 |VISrI_Vm| 25 |       |WV      LR|m^4/s^2         |Vertical   Viscous Flux of V momentum (Implicit part)
------------------------------------------------------------------------------------
  Num  |<-Name->|Levs|  mate |<- code ->|<--  Units   -->|<- Tile (max=80c)         
------------------------------------------------------------------------------------
